#
# A fatal error has been detected by the Java Runtime Environment:
#
#  SIGSEGV (0xb) at pc=0x000000013892954c, pid=43174, tid=259
#
# JRE version: OpenJDK Runtime Environment Temurin-17.0.16+8 (17.0.16+8) (build 17.0.16+8)
# Java VM: OpenJDK 64-Bit Server VM Temurin-17.0.16+8 (17.0.16+8, mixed mode, sharing, tiered, compressed oops, compressed class ptrs, g1 gc, bsd-aarch64)
# Problematic frame:
# C  [libgym_simgui.dylib+0x4954c]  halsimgui::NetworkTablesSimGui::Initialize()::$_0::operator()() const+0x1c
#
# No core dump will be written. Core dumps have been disabled. To enable core dumping, try "ulimit -c unlimited" before starting Java again
#
# If you would like to submit a bug report, please visit:
#   https://github.com/adoptium/adoptium-support/issues
# The crash happened outside the Java Virtual Machine in native code.
# See problematic frame for where to report the bug.
#

---------------  S U M M A R Y ------------

Command Line: -agentlib:jdwp=transport=dt_socket,server=n,suspend=y,address=localhost:59617 -Djava.library.path=/Users/cjbrandi/Rebuilt26/build/jni/release -XX:+ShowCodeDetailsInExceptionMessages frc.robot.Main

Host: "Mac16,1" arm64, 10 cores, 16G, Darwin 25.4.0, macOS 26.4.1 (25E253)
Time: Sat May 30 23:54:24 2026 EDT elapsed time: 53.661029 seconds (0d 0h 0m 53s)

---------------  T H R E A D  ---------------

Current thread (0x0000000102cc74f0):  JavaThread "main" [_thread_in_native, id=259, stack(0x000000016d154000,0x000000016d950000)]

Stack: [0x000000016d154000,0x000000016d950000],  sp=0x000000016d94bfb0,  free space=8159k
Native frames: (J=compiled Java code, j=interpreted, Vv=VM code, C=native code)
C  [libgym_simgui.dylib+0x4954c]  halsimgui::NetworkTablesSimGui::Initialize()::$_0::operator()() const+0x1c
C  [libgym_simgui.dylib+0x49524]  std::__1::__invoke_result_impl<void, halsimgui::NetworkTablesSimGui::Initialize()::$_0&>::type std::__1::__invoke[abi:nqe210106]<halsimgui::NetworkTablesSimGui::Initialize()::$_0&>(halsimgui::NetworkTablesSimGui::Initialize()::$_0&)+0x18
C  [libgym_simgui.dylib+0x49500]  void std::__1::__invoke_void_return_wrapper<void, true>::__call[abi:nqe210106]<halsimgui::NetworkTablesSimGui::Initialize()::$_0&>(halsimgui::NetworkTablesSimGui::Initialize()::$_0&)+0x18
C  [libgym_simgui.dylib+0x494dc]  void std::__1::__invoke_r[abi:nqe210106]<void, halsimgui::NetworkTablesSimGui::Initialize()::$_0&>(halsimgui::NetworkTablesSimGui::Initialize()::$_0&)+0x18
C  [libgym_simgui.dylib+0x493a4]  std::__1::__function::__func<halsimgui::NetworkTablesSimGui::Initialize()::$_0, void ()>::operator()()+0x1c
C  [libgym_simgui.dylib+0x120d60]  std::__1::__function::__value_func<void ()>::operator()[abi:nqe210106]() const+0x3c
C  [libgym_simgui.dylib+0x120b5c]  std::__1::function<void ()>::operator()() const+0x18
C  [libgym_simgui.dylib+0x1dfb80]  wpi::gui::CommonRenderFrame()+0x74
C  [libgym_simgui.dylib+0x1ebba8]  wpi::gui::PlatformRenderFrame()+0x5f0
C  [libgym_simgui.dylib+0x1df7ac]  wpi::gui::Main()+0x9c
C  [libgym_simgui.dylib+0x695c8]  HALSIM_InitExtension::$_7::operator()(void*) const+0x18
C  [libgym_simgui.dylib+0x695a4]  HALSIM_InitExtension::$_7::__invoke(void*)+0x1c
j  edu.wpi.first.hal.HAL.runMain()V+0
j  edu.wpi.first.wpilibj.RobotBase.startRobot(Ljava/util/function/Supplier;)V+85
j  frc.robot.Main.main([Ljava/lang/String;)V+5
v  ~StubRoutines::call_stub
V  [libjvm.dylib+0x45d854]  JavaCalls::call_helper(JavaValue*, methodHandle const&, JavaCallArguments*, JavaThread*)+0x3d8
V  [libjvm.dylib+0x4c5514]  jni_invoke_static(JNIEnv_*, JavaValue*, _jobject*, JNICallType, _jmethodID*, JNI_ArgumentPusher*, JavaThread*)+0x158
V  [libjvm.dylib+0x4c8c98]  jni_CallStaticVoidMethod+0x130
C  [libjli.dylib+0xad3c]  JavaMain+0x63c
C  [libjli.dylib+0xdb28]  __JVMInit_block_invoke+0x48
